// Jest Snapshot v1, https://goo.gl/fbAQLP

exports[`Organisationendpoint component match snapshot 1`] = `
<DocumentFragment>
  <div
    class="sc-bdVaJa QUjQF"
  >
    <h2>
      Organisation Profile Endpoint
    </h2>
    <div>
      <span
        class="sc-bwzfXH hZEuEv"
      >
        Org Name: 
      </span>
      <span>
        No Clue
      </span>
    </div>
    <div>
      <span
        class="sc-bwzfXH hZEuEv"
      >
        Org Mission: 
      </span>
      <span>
        Do stuff
      </span>
    </div>
    <div>
      <span
        class="sc-bwzfXH hZEuEv"
      >
        List of Users: 
      </span>
      <div>
        <div>
          • samar@vir.com
        </div>
        <div>
          Id: 1000
        </div>
      </div>
    </div>
    <div>
      <span
        class="sc-bwzfXH hZEuEv"
      >
        List of Admins ids: 
      </span>
      <div>
        <div>
          • bender.thorben0@gmail.com
        </div>
        <div>
          id: 20
        </div>
      </div>
    </div>
    <div>
      <span
        class="sc-bwzfXH hZEuEv"
      >
        Is Premium: 
      </span>
    </div>
  </div>
</DocumentFragment>
`;
